"Test completed on 08-12-2024 20:28:01.54" 
"Test completed on 08-12-2024 21:06:29.03" 
"Test completed on 08-12-2024 21:06:33.32" 
"Test completed on 08-12-2024 21:10:46.58" 
"Test completed on 08-12-2024 21:25:37.63" 
"Test completed on 09-12-2024  6:25:44.62" 
"Test completed on 09-12-2024  6:40:46.94" 
"Test completed on 09-12-2024 10:25:03.33" 
"Test completed on 09-12-2024 10:25:43.32" 
"Test completed on 19-12-2024  3:25:55.66" 
"Test completed on 19-12-2024  3:40:46.52" 
"Test completed on 19-12-2024  3:45:07.73" 
"Test completed on 19-12-2024  3:45:47.24" 
"Test completed on 19-12-2024  3:46:52.15" 
